OziExplorer Map Data File Version 2.2
%COPYRIGHT%
%IMAGE_PATH%
1 ,Map Code,
WGS 84,WGS 84,   0.0000,   0.0000,WGS 84
Reserved 1
Reserved 2
Magnetic Variation,,,E
Map Projection,Mercator,PolyCal,No,AutoCalOnly,No,BSBUseWPX,No
Point01,xy,    0,    0,in, deg,  %NW_LAT_DEG%, %NW_LAT_MIN%,%NW_LAT_HEMI%,  %NW_LON_DEG%, %NW_LON_MIN%,%NW_LON_HEMI%, grid,   ,           ,           ,N
Point02,xy, %IMAGE_WIDTH%, %IMAGE_HEIGHT%,in, deg,  %SE_LAT_DEG%, %SE_LAT_MIN%,%SE_LAT_HEMI%,  %SE_LON_DEG%, %SE_LON_MIN%,%SE_LON_HEMI%, grid,   ,           ,           ,N
Point03,xy,     ,     ,in, deg,    ,        ,,    ,        ,, grid,   ,           ,           ,
Point04,xy,     ,     ,in, deg,    ,        ,,    ,        ,, grid,   ,           ,           ,
Point05,xy,     ,     ,in, deg,    ,        ,,    ,        ,, grid,   ,           ,           ,
Point06,xy,     ,     ,in, deg,    ,        ,,    ,        ,, grid,   ,           ,           ,
Point07,xy,     ,     ,in, deg,    ,        ,,    ,        ,, grid,   ,           ,           ,
Point08,xy,     ,     ,in, deg,    ,        ,,    ,        ,, grid,   ,           ,           ,
Point09,xy,     ,     ,in, deg,    ,        ,,    ,        ,, grid,   ,           ,           ,
Point10,xy,     ,     ,in, deg,    ,        ,,    ,        ,, grid,   ,           ,           ,
Point11,xy,     ,     ,in, deg,    ,        ,,    ,        ,, grid,   ,           ,           ,
Point12,xy,     ,     ,in, deg,    ,        ,,    ,        ,, grid,   ,           ,           ,
Point13,xy,     ,     ,in, deg,    ,        ,,    ,        ,, grid,   ,           ,           ,
Point14,xy,     ,     ,in, deg,    ,        ,,    ,        ,, grid,   ,           ,           ,
Point15,xy,     ,     ,in, deg,    ,        ,,    ,        ,, grid,   ,           ,           ,
Point16,xy,     ,     ,in, deg,    ,        ,,    ,        ,, grid,   ,           ,           ,
Point17,xy,     ,     ,in, deg,    ,        ,,    ,        ,, grid,   ,           ,           ,
Point18,xy,     ,     ,in, deg,    ,        ,,    ,        ,, grid,   ,           ,           ,
Point19,xy,     ,     ,in, deg,    ,        ,,    ,        ,, grid,   ,           ,           ,
Point20,xy,     ,     ,in, deg,    ,        ,,    ,        ,, grid,   ,           ,           ,
Point21,xy,     ,     ,in, deg,    ,        ,,    ,        ,, grid,   ,           ,           ,
Point22,xy,     ,     ,in, deg,    ,        ,,    ,        ,, grid,   ,           ,           ,
Point23,xy,     ,     ,in, deg,    ,        ,,    ,        ,, grid,   ,           ,           ,
Point24,xy,     ,     ,in, deg,    ,        ,,    ,        ,, grid,   ,           ,           ,
Point25,xy,     ,     ,in, deg,    ,        ,,    ,        ,, grid,   ,           ,           ,
Point26,xy,     ,     ,in, deg,    ,        ,,    ,        ,, grid,   ,           ,           ,
Point27,xy,     ,     ,in, deg,    ,        ,,    ,        ,, grid,   ,           ,           ,
Point28,xy,     ,     ,in, deg,    ,        ,,    ,        ,, grid,   ,           ,           ,
Point29,xy,     ,     ,in, deg,    ,        ,,    ,        ,, grid,   ,           ,           ,
Point30,xy,     ,     ,in, deg,    ,        ,,    ,        ,, grid,   ,           ,           ,
Projection Setup,,,,,,,,,,
Map Feature = MF ; Map Comment = MC     These follow if they exist
Track File = TF      These follow if they exist
Moving Map Parameters = MM?    These follow if they exist
MM0,Yes
MMPNUM,4
MMPXY,1,0,0
MMPXY,2,%IMAGE_WIDTH%,0
MMPXY,3,%IMAGE_WIDTH%,%IMAGE_HEIGHT%
MMPXY,4,0,%IMAGE_HEIGHT%
MMPLL,1,  %NW_LON%,  %NW_LAT%
MMPLL,2,  %SE_LON%,  %NW_LAT%
MMPLL,3,  %SE_LON%,  %SE_LAT%
MMPLL,4,  %NW_LON%,  %SE_LAT%
MM1B,%SCALE%
MOP,Map Open Position,%INIT_X%,%INIT_Y%
IWH,Map Image Width/Height,%IMAGE_WIDTH%,%IMAGE_HEIGHT%
